Berkeley Pascal PI -- Version 3.1 (xx/xx/xx)

Sat May 23 03:26 2020  ..\src\wnj.p

    0   PXPBUF                          009e
    2   CASE4  0                        0000 0000
    6   CASE4  0                        0000 0000
   10   TRA4   10                       000b 000a 0000
     1  program testset (output);

     3  { try to figure out why sets don't work }

     5  const
     6  	firstel = -1; lastel = 80;
     7  type
     8  	eltype = firstel..lastel;
     9  	settype = set of eltype;
    10  var
    11  	tset: settype;
   16   TRA4   16                       000b 0010 0000

    13  procedure elements (someset: settype);
    14  	{ print the elements of a set}
    15  	var i: eltype;

    17  	begin
    18  		writeln;
    19  		writeln ('in elements');
    20  		for i := firstel to lastel do
    21  			if i in someset then writeln ('member:',i)
	patch 16 22
   22   BEG:24        0                 1802 0000 0000
   28   CASE4  12                       000c 0000
   32   CASE4  1                        0001 0000
   36   CASE2  17                       0011
   38          "elements"               6c65 6d65 6e65 7374 0000
   48   COUNT  5                        009f 0005
   52   LINO:18                         120d
   54   UNITOUT                         00ca
   56   WRITLN                          00c3
   58   LINO:19                         130d
   60   UNITOUT                         00ca
   62   FILE                            00d3
   64   CON14:1                         0181
   66   CON14:11                        0b81
   68   LVCON:12                        0c87
   70          "in elements"            6e69 6520 656c 656d 746e 0073
   82   WRITES:16                       10c1
   84   WRITLN                          00c3
   86   LINO:20                         140d
   88   LV:4   -8                       046f fff8
   92   CON1:-1                         ff80
   94   AS24                            0022
   96   LV:4   -12                      046f fff4
  100   CON1:80                         5080
  102   AS24                            0022
  104   RV4:4  -8                       046c fff8
  108   RV4:4  -12                      046c fff4
  112   REL4   LE                       0812
  114   IF     -2                       0010 fffe
  118   LV:4   -13                      046f fff3
  122   RV4:4  -12                      046c fff4
  126   RANG42:-1     80                ff89 0050
  130   AS41                            0025
  132   LV:4   -13                      046f fff3
  136   RV4:4  -8                       046c fff8
  140   RANG42:-1     80                ff89 0050
  144   AS41                            0025
  146   LV:4   -1                       046f ffff
  150   RV14:4        -13               0469 fff3
  154   AS41                            0025
  156   COUNT  6                        009f 0006
  160   LINO:21                         150d
  162   RV:5   32 12                    056e 0020 000c
  168   RV14:4        -13               0469 fff3
  172   IN:12  -1 81                    0cae ffff 0051
  178   IF     -2                       0010 fffe
  182   COUNT  7                        009f 0007
  186   LINO:21                         150d
  188   UNITOUT                         00ca
  190   FILE                            00d3
  192   CON14:1                         0181
  194   CON14:7                         0781
  196   LVCON:8                         0887
  198          "member:"                656d 626d 7265 003a
  206   WRITES:16                       10c1
  208   RV14:4        -13               0469 fff3
  212   LVCON:6                         0687
  214          "%10d"                   3125 6430 0000
  220   FILE                            00d3
  222   WRITEF:12                       0cc2
  224   WRITLN                          00c3
	patch 178 46
  226   LINO:20                         140d
  228   RV4:4  -12                      046c fff4
  232   LV:4   -13                      046f fff3
  236   FOR1U:-92                       a4b0
	patch 114 122
  238   END                             0003

"elements" Block=2
	Name	Class  Bn+Flags	Type	Val	Chn
 97:	i	VAR	2 MU	[90]	2,-1
	patch 22 16
    22  	end; {elements}

    24  begin
    25  	tset := [];		elements (tset);
    26  	tset := [23,45];	elements (tset);

    28  	if 23 in tset then writeln ('ok'); {to eliminate the possibility that
    29  						the problem arises from passing
    30  						a set as a parameter}

    32  	tset := tset + [firstel]; elements (tset);
    33  	tset := tset + [lastel];elements (tset);
    34  	tset := [];		elements (tset)
	patch 10 242
  242   BEG:22        0                 1602 0000 0000
  248   CASE4  0                        0000 0000
  252   CASE4  1                        0001 0000
  256   CASE2  24                       0018
  258          "testset"                6574 7473 6573 0074
  266   COUNT  4                        009f 0004
  270   LINO:25                         190d
  272   LV:2   -12                      026f fff4
  276   CON:12                          0c86
  278   CASE4  0                        0000 0000
  282   CASE4  0                        0000 0000
  286   CASE4  0                        0000 0000
  290   AS:12                           0c29
  292   LINO:25                         190d
  294   RV:2   -12 12                   026e fff4 000c
  300   CALL:1        16                0104 0010 0000
  306   LINO:26                         1a0d
  308   LV:2   -12                      026f fff4
  312   CON:12                          0c86
  314   CASE4  16777216                 0000 0100
  318   CASE4  16384                    4000 0000
  322   CASE4  0                        0000 0000
  326   AS:12                           0c29
  328   LINO:26                         1a0d
  330   RV:2   -12 12                   026e fff4 000c
  336   CALL:1        16                0104 0010 0000
  342   LINO:28                         1c0d
  344   RV:2   -12 12                   026e fff4 000c
  350   CON14:23                        1781
  352   IN:12  -1 81                    0cae ffff 0051
  358   IF     -2                       0010 fffe
  362   COUNT  8                        009f 0008
  366   LINO:28                         1c0d
  368   UNITOUT                         00ca
  370   FILE                            00d3
  372   CON14:1                         0181
  374   CON14:2                         0281
  376   LVCON:4                         0487
  378          "ok"                     6b6f 0000
  382   WRITES:16                       10c1
  384   WRITLN                          00c3
	patch 358 26
  386   LINO:32                         200d
  388   LV:2   -12                      026f fff4
  392   RV:2   -12 12                   026e fff4 000c
  398   CON:12                          0c86
  400   CASE4  1                        0001 0000
  404   CASE4  0                        0000 0000
  408   CASE4  0                        0000 0000
  412   ADDT:12                         0ca8
  414   AS:12                           0c29
  416   LINO:32                         200d
  418   RV:2   -12 12                   026e fff4 000c
  424   CALL:1        16                0104 0010 0000
  430   LINO:33                         210d
  432   LV:2   -12                      026f fff4
  436   RV:2   -12 12                   026e fff4 000c
  442   CON:12                          0c86
  444   CASE4  0                        0000 0000
  448   CASE4  0                        0000 0000
  452   CASE4  131072                   0000 0002
  456   ADDT:12                         0ca8
  458   AS:12                           0c29
  460   LINO:33                         210d
  462   RV:2   -12 12                   026e fff4 000c
  468   CALL:1        16                0104 0010 0000
  474   LINO:34                         220d
  476   LV:2   -12                      026f fff4
  480   CON:12                          0c86
  482   CASE4  0                        0000 0000
  486   CASE4  0                        0000 0000
  490   CASE4  0                        0000 0000
  494   AS:12                           0c29
  496   LINO:34                         220d
  498   RV:2   -12 12                   026e fff4 000c
  504   CALL:1        16                0104 0010 0000
	patch 0 8
	patch 4 2
  510   END                             0003

"testset" Block=1
	Name	Class  Bn+Flags	Type	Val	Chn
 96:	someset	VAR	2 MU	[92]	1,32
 95:	element	PROC	1 MU	***	***	[96]
 94:	tset	VAR	1 MU	[92]	1,-12
 93:	settype	TYPE	1 MU	[92]
 92:	***	SET	1 	[90]	***
 91:	eltype	TYPE	1 MU	[90]
 90:	***	RANGE	1 	[3]	-1..80
 89:	lastel	CONST	1 MU	[7]	80
 88:	firstel	CONST	1 MU	[7]	-1
	patch 242 12
    35  	end.
	Name	Class  Bn+Flags	Type	Val	Chn
 87:	output	VAR	***	***	0,0
 86:	testset	PROG	***	***	<0>	[87]
 85:	stlimit	PROC	***	***	<220>	NSTAND
 84:	null	PROC	***	***	<234>	NSTAND
 83:	argv	PROC	***	***	<336>	NSTAND
 82:	writeln	PROC	U	***	<303>
 81:	write	PROC	***	***	<302>
 80:	unpack	PROC	***	***	<331>
 79:	time	PROC	***	***	<344>	NSTAND
 78:	rewrite	PROC	***	***	<322>
 77:	reset	PROC	***	***	<321>
 76:	remove	PROC	***	***	<324>	NSTAND
 75:	readln	PROC	***	***	<274>
 74:	read	PROC	***	***	<271>
 73:	putseg	PROC	***	***	<0>
 72:	put	PROC	***	***	<315>
 71:	page	PROC	***	***	<304>
 70:	pack	PROC	***	***	<330>
 69:	new	PROC	***	***	<332>
 68:	message	PROC	***	***	<313>	NSTAND
 67:	linelim	PROC	***	***	<221>	NSTAND
 66:	halt	PROC	***	***	<223>	NSTAND
 65:	getseg	PROC	***	***	<0>
 64:	get	PROC	***	***	<314>
 63:	flush	PROC	***	***	<325>	NSTAND
 62:	dispose	PROC	***	***	<333>
 61:	date	PROC	***	***	<343>	NSTAND
 60:	assert	PROC	***	***	<257>	NSTAND
 59:	syscloc	FUNC	***	***	<342>	NSTAND
 58:	wallclo	FUNC	***	***	<341>	NSTAND
 57:	seed	FUNC	***	***	<370>	NSTAND
 56:	random	FUNC	***	***	<371>	NSTAND
 55:	argc	FUNC	***	***	<335>	NSTAND
 54:	undefin	FUNC	***	***	<345>	NSTAND
 53:	trunc	FUNC	***	***	<377>
 52:	succ	FUNC	***	***	<365>
 51:	sqrt	FUNC	***	***	<355>
 50:	sqr	FUNC	***	***	<373>
 49:	sin	FUNC	***	***	<354>
 48:	round	FUNC	***	***	<376>
 47:	pred	FUNC	***	***	<362>
 46:	ord	FUNC	***	***	<230>
 45:	odd	FUNC	***	***	<360>
 44:	ln	FUNC	***	***	<353>
 43:	expo	FUNC	***	***	<372>	NSTAND
 42:	exp	FUNC	***	***	<352>
 41:	eos	FUNC	***	***	<0>
 40:	eoln	FUNC	***	***	<276>
 39:	eof	FUNC	***	***	<275>
 38:	cos	FUNC	***	***	<351>
 37:	clock	FUNC	***	***	<340>	NSTAND
 36:	chr	FUNC	***	***	<356>
 35:	card	FUNC	***	***	<255>	NSTAND
 34:	arctan	FUNC	***	***	<350>
 33:	abs	FUNC	***	***	<110>
 32:	tab	CONST	***	[9]	9
 31:	bell	CONST	***	[9]	7
 30:	maxchar	CONST	***	[9]	127
 29:	minchar	CONST	***	[9]	0
 28:	maxint	CONST	***	[8]	2147483647
 27:	minint	CONST	***	[8]	-2147483648
 26:	FALSE	CONST	***	[1]	0	[25]
 25:	TRUE	CONST	***	[1]	1
 24:	false	CONST	***	[1]	0	[23]
 23:	true	CONST	***	[1]	1
 22:	output	VAR	U	[20]	0,-4
 21:	input	VAR	***	[20]	0,-8
 20:	***	FILET	F	[9]	***
 19:	text	TYPE	***	[20]
 18:	alfa	TYPE	***	[17]
 17:	***	ARRAY	***	[9]	<1>	[16]
 16:	***	RANGE	***	[3]	1..10
 15:	***	RANGE	***	[3]	0..127
 14:	***	SET	***	[15]	***
 13:	intset	TYPE	U	[14]
 12:	Boolean	TYPE	***	[10]
 11:	***	RANGE	***	[4]	0..0
 10:	***	RANGE	***	[1]	0..1
  9:	***	RANGE	***	[2]	0..127
  8:	***	RANGE	***	[3]	-2147483648..2147483647
  7:	***	RANGE	***	[3]	-32768..32767
  6:	***	RANGE	***	[3]	-128..127
  5:	_nil	TYPE	***	[5]
  4:	real	TYPE	***	[11]
  3:	integer	TYPE	***	[8]
  2:	char	TYPE	***	[9]
  1:	boolean	TYPE	***	[10]	[24]
  0:	***	***	***	***	***
